RAM Allocation
Variable                                                          Address   Size
--------------------------------------------------------------------------------
sMm                                                               03B8h      855
sScreen_data                                                      070Fh        1
sXport                                                            0710h       10
sKernel                                                           071Ah        2
sProcess                                                          071Ch      110
uartReadyTx                                                       078Ah        2
uartBufferedTx                                                    078Ch        2
uartTxBuffer                                                      078Eh       16
uartRxOverflow                                                    079Eh        4
uart0TxData                                                       07A2h       48
uart1TxData                                                       07D2h       48
UartRxFunc                                                        0802h        4
sDisplay                                                          0806h        4
cnt_pressed_1                                                     080Ah        1
cnt_pressed_2                                                     080Bh        1
flag_long_pressed                                                 080Ch        1
aux_flag                                                          080Dh        1
sTS                                                               080Eh       11
aux_flag                                                          0819h        1
uartRxBuffer                                                      081Ah       10
comm_terminal_state                                               0824h        1
sFrame_Rx                                                         0825h       37
sProtocol                                                         084Ah        2
_seed                                                             084Ch        4

EEPROM Allocation
Variable                                                          Address   Size
--------------------------------------------------------------------------------

Register Allocation
Variable                                                          Register  Size
--------------------------------------------------------------------------------
uartRxBuffer_index                                                R5           1
